---
source: tui/src/chatwidget/tests/popups_and_settings.rs
expression: popup
---
  Select Model
  Pick a quick auto mode or browse all models.

  1. codex-auto-review     Automatic approval review model for Codex.
› 2. All models (current)  Choose a specific model and reasoning level
                           (current: gpt-5.2)

  Press enter to confirm or esc to go back
